// Jest Snapshot v1, https://goo.gl/fbAQLP

exports[`test ListItem snapshot 1`] = `
<DocumentFragment>
  <div
    class="dailyDrink__list__order transition"
  >
    <input
      checked=""
      class="checkbox list-check"
      data-testid="checkbox"
      type="checkbox"
    />
    <div
      class="list-name"
      data-testid="item-name"
    >
      MilkTea
    </div>
    <div
      class="list-price"
      data-testid="item-price"
    >
      55
    </div>
    <div
      class="list-note"
      data-testid="item-notes"
    >
      微糖 去冰 加椰果
    </div>
  </div>
</DocumentFragment>
`;
